// Jest Snapshot v1, https://goo.gl/fbAQLP

exports[`LoadingChannels should render component with default props 1`] = `
<div
  className="str-chat__loading-channels"
>
  <div
    className="str-chat__loading-channels-item str-chat__channel-preview-loading"
  >
    <div
      className="str-chat__loading-channels-avatar"
    />
    <div
      className="str-chat__loading-channels-meta str-chat__channel-preview-end-loading"
    >
      <div
        className="str-chat__loading-channels-username"
      />
      <div
        className="str-chat__loading-channels-status"
      />
    </div>
  </div>
  <div
    className="str-chat__loading-channels-item str-chat__channel-preview-loading"
  >
    <div
      className="str-chat__loading-channels-avatar"
    />
    <div
      className="str-chat__loading-channels-meta str-chat__channel-preview-end-loading"
    >
      <div
        className="str-chat__loading-channels-username"
      />
      <div
        className="str-chat__loading-channels-status"
      />
    </div>
  </div>
  <div
    className="str-chat__loading-channels-item str-chat__channel-preview-loading"
  >
    <div
      className="str-chat__loading-channels-avatar"
    />
    <div
      className="str-chat__loading-channels-meta str-chat__channel-preview-end-loading"
    >
      <div
        className="str-chat__loading-channels-username"
      />
      <div
        className="str-chat__loading-channels-status"
      />
    </div>
  </div>
</div>
`;
