// Jest Snapshot v1, https://goo.gl/fbAQLP

exports[`MessageStatus theme v1 renders default delivered UI for the last message 1`] = `
<span
  class="str-chat__message-simple-status str-chat__message-status"
  data-testid="message-status-received"
>
  <div
    class="str-chat__tooltip"
  >
    Delivered
  </div>
  <svg
    height="16"
    width="16"
    xmlns="http://www.w3.org/2000/svg"
  >
    <path
      d="M8 0a8 8 0 1 1 0 16A8 8 0 0 1 8 0zm3.72 6.633a.955.955 0 1 0-1.352-1.352L6.986 8.663 5.633 7.31A.956.956 0 1 0 4.28 8.663l2.029 2.028a.956.956 0 0 0 1.353 0l4.058-4.058z"
      fill="#006CFF"
      fill-rule="evenodd"
    />
  </svg>
</span>
`;

exports[`MessageStatus theme v1 renders default read UI for the last message 1`] = `
<span
  class="str-chat__message-simple-status str-chat__message-status"
  data-testid="message-status-read-by"
>
  <div
    class="str-chat__tooltip"
  >
    other-user 
  </div>
  <div
    class="str-chat__avatar str-chat__avatar--circle str-chat__message-sender-avatar"
    data-testid="avatar"
    style="flex-basis: 15px; font-size: 7.5px; height: 15px; line-height: 15px; width: 15px;"
    title="other-user"
  >
    <div
      class="str-chat__avatar-fallback"
      data-testid="avatar-fallback"
    >
      o
    </div>
  </div>
</span>
`;

exports[`MessageStatus theme v1 renders default sending UI for not the last message 1`] = `
<span
  class="str-chat__message-simple-status str-chat__message-status"
  data-testid="message-status-sending"
>
  <div
    class="str-chat__tooltip"
  >
    Sending...
  </div>
  <div
    class="str-chat__loading-indicator"
    data-testid="loading-indicator-wrapper"
    style="height: 15px; width: 15px;"
  >
    <svg
      height="15"
      viewBox="0 0 30 30"
      width="15"
      xmlns="http://www.w3.org/2000/svg"
    >
      <defs>
        <lineargradient
          id="a"
          x1="50%"
          x2="50%"
          y1="0%"
          y2="100%"
        >
          <stop
            offset="0%"
            stop-color="#FFF"
            stop-opacity="0"
          />
          <stop
            data-testid="loading-indicator-circle"
            offset="100%"
            stop-color="#006CFF"
            stop-opacity="1"
            style="stop-color: rgb(0, 108, 255);"
          />
        </lineargradient>
      </defs>
      <path
        d="M2.518 23.321l1.664-1.11A12.988 12.988 0 0 0 15 28c7.18 0 13-5.82 13-13S22.18 2 15 2V0c8.284 0 15 6.716 15 15 0 8.284-6.716 15-15 15-5.206 0-9.792-2.652-12.482-6.679z"
        fill="url(#a)"
        fill-rule="evenodd"
      />
    </svg>
  </div>
</span>
`;

exports[`MessageStatus theme v1 renders default sending UI for the last message 1`] = `
<span
  class="str-chat__message-simple-status str-chat__message-status"
  data-testid="message-status-sending"
>
  <div
    class="str-chat__tooltip"
  >
    Sending...
  </div>
  <div
    class="str-chat__loading-indicator"
    data-testid="loading-indicator-wrapper"
    style="height: 15px; width: 15px;"
  >
    <svg
      height="15"
      viewBox="0 0 30 30"
      width="15"
      xmlns="http://www.w3.org/2000/svg"
    >
      <defs>
        <lineargradient
          id="a"
          x1="50%"
          x2="50%"
          y1="0%"
          y2="100%"
        >
          <stop
            offset="0%"
            stop-color="#FFF"
            stop-opacity="0"
          />
          <stop
            data-testid="loading-indicator-circle"
            offset="100%"
            stop-color="#006CFF"
            stop-opacity="1"
            style="stop-color: rgb(0, 108, 255);"
          />
        </lineargradient>
      </defs>
      <path
        d="M2.518 23.321l1.664-1.11A12.988 12.988 0 0 0 15 28c7.18 0 13-5.82 13-13S22.18 2 15 2V0c8.284 0 15 6.716 15 15 0 8.284-6.716 15-15 15-5.206 0-9.792-2.652-12.482-6.679z"
        fill="url(#a)"
        fill-rule="evenodd"
      />
    </svg>
  </div>
</span>
`;

exports[`MessageStatus theme v2 renders default delivered UI for the last message 1`] = `
<span
  class="str-chat__message-simple-status str-chat__message-status"
  data-testid="message-status-received"
>
  <svg
    data-testid="delivered-icon"
    fill="none"
    height="24"
    viewBox="0 0 24 24"
    width="24"
    xmlns="http://www.w3.org/2000/svg"
  >
    <path
      clip-rule="evenodd"
      d="M8.9999 16.2L4.7999 12L3.3999 13.4L8.9999 19L20.9999 6.99998L19.5999 5.59998L8.9999 16.2Z"
      fill="black"
      fill-rule="evenodd"
    />
  </svg>
</span>
`;

exports[`MessageStatus theme v2 renders default read UI for the last message 1`] = `
<span
  class="str-chat__message-simple-status str-chat__message-status"
  data-testid="message-status-read-by"
>
  <div
    class="str-chat__avatar str-chat__avatar--circle str-chat__message-sender-avatar"
    data-testid="avatar"
    style="flex-basis: 15px; font-size: 7.5px; height: 15px; line-height: 15px; width: 15px;"
    title="other-user"
  >
    <div
      class="str-chat__avatar-fallback"
      data-testid="avatar-fallback"
    >
      o
    </div>
  </div>
</span>
`;

exports[`MessageStatus theme v2 renders default sending UI for not the last message 1`] = `
<span
  class="str-chat__message-simple-status str-chat__message-status"
  data-testid="message-status-sending"
>
  <div
    class="str-chat__loading-indicator"
    data-testid="loading-indicator-wrapper"
    style="height: 15px; width: 15px;"
  >
    <svg
      height="15"
      viewBox="0 0 30 30"
      width="15"
      xmlns="http://www.w3.org/2000/svg"
    >
      <defs>
        <lineargradient
          id="a"
          x1="50%"
          x2="50%"
          y1="0%"
          y2="100%"
        >
          <stop
            offset="0%"
            stop-color="#FFF"
            stop-opacity="0"
          />
          <stop
            data-testid="loading-indicator-circle"
            offset="100%"
            stop-color="#006CFF"
            stop-opacity="1"
            style="stop-color: rgb(0, 108, 255);"
          />
        </lineargradient>
      </defs>
      <path
        d="M2.518 23.321l1.664-1.11A12.988 12.988 0 0 0 15 28c7.18 0 13-5.82 13-13S22.18 2 15 2V0c8.284 0 15 6.716 15 15 0 8.284-6.716 15-15 15-5.206 0-9.792-2.652-12.482-6.679z"
        fill="url(#a)"
        fill-rule="evenodd"
      />
    </svg>
  </div>
</span>
`;

exports[`MessageStatus theme v2 renders default sending UI for the last message 1`] = `
<span
  class="str-chat__message-simple-status str-chat__message-status"
  data-testid="message-status-sending"
>
  <div
    class="str-chat__loading-indicator"
    data-testid="loading-indicator-wrapper"
    style="height: 15px; width: 15px;"
  >
    <svg
      height="15"
      viewBox="0 0 30 30"
      width="15"
      xmlns="http://www.w3.org/2000/svg"
    >
      <defs>
        <lineargradient
          id="a"
          x1="50%"
          x2="50%"
          y1="0%"
          y2="100%"
        >
          <stop
            offset="0%"
            stop-color="#FFF"
            stop-opacity="0"
          />
          <stop
            data-testid="loading-indicator-circle"
            offset="100%"
            stop-color="#006CFF"
            stop-opacity="1"
            style="stop-color: rgb(0, 108, 255);"
          />
        </lineargradient>
      </defs>
      <path
        d="M2.518 23.321l1.664-1.11A12.988 12.988 0 0 0 15 28c7.18 0 13-5.82 13-13S22.18 2 15 2V0c8.284 0 15 6.716 15 15 0 8.284-6.716 15-15 15-5.206 0-9.792-2.652-12.482-6.679z"
        fill="url(#a)"
        fill-rule="evenodd"
      />
    </svg>
  </div>
</span>
`;
