// Jest Snapshot v1, https://goo.gl/fbAQLP

exports[`AudioRecorder does not render recording preview if paused 1`] = `
<div>
  <div
    class="str-chat__audio_recorder-container"
  >
    <div
      class="str-chat__audio_recorder"
      data-testid="audio-recorder"
    >
      <button
        class="str-chat__audio_recorder__cancel-button"
        data-testid="cancel-recording-audio-button"
      >
        <svg
          fill="currentColor"
          viewBox="0 0 32 32"
          xmlns="http://www.w3.org/2000/svg"
        >
          <path
            d="M8.00033 25.3333C8.00033 26.8 9.20033 28 10.667 28H21.3337C22.8003 28 24.0003 26.8 24.0003 25.3333V12C24.0003 10.5333 22.8003 9.33333 21.3337 9.33333H10.667C9.20033 9.33333 8.00033 10.5333 8.00033 12V25.3333ZM24.0003 5.33333H20.667L19.7203 4.38667C19.4803 4.14667 19.1337 4 18.787 4H13.2137C12.867 4 12.5203 4.14667 12.2803 4.38667L11.3337 5.33333H8.00033C7.26699 5.33333 6.66699 5.93333 6.66699 6.66667C6.66699 7.4 7.26699 8 8.00033 8H24.0003C24.7337 8 25.3337 7.4 25.3337 6.66667C25.3337 5.93333 24.7337 5.33333 24.0003 5.33333Z"
          />
        </svg>
      </button>
      <div
        class="str-chat__recording-timer"
      >
        00:00
      </div>
      <div
        class="str-chat__waveform-box-container"
      >
        <div
          class="str-chat__audio_recorder__waveform-box"
        />
      </div>
      <button
        class="str-chat__audio_recorder__resume-recording-button"
      >
        <svg
          fill="currentColor"
          viewBox="0 0 14 20"
          xmlns="http://www.w3.org/2000/svg"
        >
          <path
            d="M7 12.5C8.66 12.5 10 11.16 10 9.5V3.5C10 1.84 8.66 0.5 7 0.5C5.34 0.5 4 1.84 4 3.5V9.5C4 11.16 5.34 12.5 7 12.5Z"
          />
          <path
            d="M12 9.5C12 12.26 9.76 14.5 7 14.5C4.24 14.5 2 12.26 2 9.5H0C0 13.03 2.61 15.93 6 16.42V19.5H8V16.42C11.39 15.93 14 13.03 14 9.5H12Z"
          />
        </svg>
      </button>
      <button
        class="str-chat__audio_recorder__stop-button"
        data-testid="audio-recorder-stop-button"
      >
        <svg
          fill="currentColor"
          viewBox="0 0 18 14"
          xmlns="http://www.w3.org/2000/svg"
        >
          <path
            d="M5.79457 10.875L2.32457 7.40502C1.93457 7.01502 1.30457 7.01502 0.91457 7.40502C0.52457 7.79502 0.52457 8.42502 0.91457 8.81502L5.09457 12.995C5.48457 13.385 6.11457 13.385 6.50457 12.995L17.0846 2.41502C17.4746 2.02502 17.4746 1.39502 17.0846 1.00502C16.6946 0.615024 16.0646 0.615024 15.6746 1.00502L5.79457 10.875Z"
          />
        </svg>
      </button>
    </div>
  </div>
</div>
`;

exports[`AudioRecorder does not render recording preview if recording 1`] = `
<div>
  <div
    class="str-chat__audio_recorder-container"
  >
    <div
      class="str-chat__audio_recorder"
      data-testid="audio-recorder"
    >
      <button
        class="str-chat__audio_recorder__cancel-button"
        data-testid="cancel-recording-audio-button"
      >
        <svg
          fill="currentColor"
          viewBox="0 0 32 32"
          xmlns="http://www.w3.org/2000/svg"
        >
          <path
            d="M8.00033 25.3333C8.00033 26.8 9.20033 28 10.667 28H21.3337C22.8003 28 24.0003 26.8 24.0003 25.3333V12C24.0003 10.5333 22.8003 9.33333 21.3337 9.33333H10.667C9.20033 9.33333 8.00033 10.5333 8.00033 12V25.3333ZM24.0003 5.33333H20.667L19.7203 4.38667C19.4803 4.14667 19.1337 4 18.787 4H13.2137C12.867 4 12.5203 4.14667 12.2803 4.38667L11.3337 5.33333H8.00033C7.26699 5.33333 6.66699 5.93333 6.66699 6.66667C6.66699 7.4 7.26699 8 8.00033 8H24.0003C24.7337 8 25.3337 7.4 25.3337 6.66667C25.3337 5.93333 24.7337 5.33333 24.0003 5.33333Z"
          />
        </svg>
      </button>
      <div
        class="str-chat__recording-timer"
      >
        00:00
      </div>
      <div
        class="str-chat__waveform-box-container"
      >
        <div
          class="str-chat__audio_recorder__waveform-box"
        />
      </div>
      <button
        class="str-chat__audio_recorder__pause-recording-button"
        data-testid="pause-recording-audio-button"
      >
        <svg
          data-testid="str-chat__pause-icon"
          fill="currentColor"
          viewBox="0 0 16 20"
          xmlns="http://www.w3.org/2000/svg"
        >
          <path
            d="M0 19.3333H5.33333V0.666626H0V19.3333ZM10.6667 0.666626V19.3333H16V0.666626H10.6667Z"
          />
        </svg>
      </button>
      <button
        class="str-chat__audio_recorder__stop-button"
        data-testid="audio-recorder-stop-button"
      >
        <svg
          fill="currentColor"
          viewBox="0 0 18 14"
          xmlns="http://www.w3.org/2000/svg"
        >
          <path
            d="M5.79457 10.875L2.32457 7.40502C1.93457 7.01502 1.30457 7.01502 0.91457 7.40502C0.52457 7.79502 0.52457 8.42502 0.91457 8.81502L5.09457 12.995C5.48457 13.385 6.11457 13.385 6.50457 12.995L17.0846 2.41502C17.4746 2.02502 17.4746 1.39502 17.0846 1.00502C16.6946 0.615024 16.0646 0.615024 15.6746 1.00502L5.79457 10.875Z"
          />
        </svg>
      </button>
    </div>
  </div>
</div>
`;

exports[`AudioRecorder renders audio recording in progress UI 1`] = `
<div>
  <div
    class="str-chat__audio_recorder-container"
  >
    <div
      class="str-chat__audio_recorder"
      data-testid="audio-recorder"
    >
      <button
        class="str-chat__audio_recorder__cancel-button"
        data-testid="cancel-recording-audio-button"
      >
        <svg
          fill="currentColor"
          viewBox="0 0 32 32"
          xmlns="http://www.w3.org/2000/svg"
        >
          <path
            d="M8.00033 25.3333C8.00033 26.8 9.20033 28 10.667 28H21.3337C22.8003 28 24.0003 26.8 24.0003 25.3333V12C24.0003 10.5333 22.8003 9.33333 21.3337 9.33333H10.667C9.20033 9.33333 8.00033 10.5333 8.00033 12V25.3333ZM24.0003 5.33333H20.667L19.7203 4.38667C19.4803 4.14667 19.1337 4 18.787 4H13.2137C12.867 4 12.5203 4.14667 12.2803 4.38667L11.3337 5.33333H8.00033C7.26699 5.33333 6.66699 5.93333 6.66699 6.66667C6.66699 7.4 7.26699 8 8.00033 8H24.0003C24.7337 8 25.3337 7.4 25.3337 6.66667C25.3337 5.93333 24.7337 5.33333 24.0003 5.33333Z"
          />
        </svg>
      </button>
      <div
        class="str-chat__recording-timer"
      >
        00:00
      </div>
      <div
        class="str-chat__waveform-box-container"
      >
        <div
          class="str-chat__audio_recorder__waveform-box"
        />
      </div>
      <button
        class="str-chat__audio_recorder__pause-recording-button"
        data-testid="pause-recording-audio-button"
      >
        <svg
          data-testid="str-chat__pause-icon"
          fill="currentColor"
          viewBox="0 0 16 20"
          xmlns="http://www.w3.org/2000/svg"
        >
          <path
            d="M0 19.3333H5.33333V0.666626H0V19.3333ZM10.6667 0.666626V19.3333H16V0.666626H10.6667Z"
          />
        </svg>
      </button>
      <button
        class="str-chat__audio_recorder__stop-button"
        data-testid="audio-recorder-stop-button"
      >
        <svg
          fill="currentColor"
          viewBox="0 0 18 14"
          xmlns="http://www.w3.org/2000/svg"
        >
          <path
            d="M5.79457 10.875L2.32457 7.40502C1.93457 7.01502 1.30457 7.01502 0.91457 7.40502C0.52457 7.79502 0.52457 8.42502 0.91457 8.81502L5.09457 12.995C5.48457 13.385 6.11457 13.385 6.50457 12.995L17.0846 2.41502C17.4746 2.02502 17.4746 1.39502 17.0846 1.00502C16.6946 0.615024 16.0646 0.615024 15.6746 1.00502L5.79457 10.875Z"
          />
        </svg>
      </button>
    </div>
  </div>
</div>
`;

exports[`AudioRecorder renders audio recording paused UI when paused 1`] = `
<div>
  <div
    class="str-chat__audio_recorder-container"
  >
    <div
      class="str-chat__audio_recorder"
      data-testid="audio-recorder"
    >
      <button
        class="str-chat__audio_recorder__cancel-button"
        data-testid="cancel-recording-audio-button"
      >
        <svg
          fill="currentColor"
          viewBox="0 0 32 32"
          xmlns="http://www.w3.org/2000/svg"
        >
          <path
            d="M8.00033 25.3333C8.00033 26.8 9.20033 28 10.667 28H21.3337C22.8003 28 24.0003 26.8 24.0003 25.3333V12C24.0003 10.5333 22.8003 9.33333 21.3337 9.33333H10.667C9.20033 9.33333 8.00033 10.5333 8.00033 12V25.3333ZM24.0003 5.33333H20.667L19.7203 4.38667C19.4803 4.14667 19.1337 4 18.787 4H13.2137C12.867 4 12.5203 4.14667 12.2803 4.38667L11.3337 5.33333H8.00033C7.26699 5.33333 6.66699 5.93333 6.66699 6.66667C6.66699 7.4 7.26699 8 8.00033 8H24.0003C24.7337 8 25.3337 7.4 25.3337 6.66667C25.3337 5.93333 24.7337 5.33333 24.0003 5.33333Z"
          />
        </svg>
      </button>
      <div
        class="str-chat__recording-timer"
      >
        00:00
      </div>
      <div
        class="str-chat__waveform-box-container"
      >
        <div
          class="str-chat__audio_recorder__waveform-box"
        />
      </div>
      <button
        class="str-chat__audio_recorder__resume-recording-button"
      >
        <svg
          fill="currentColor"
          viewBox="0 0 14 20"
          xmlns="http://www.w3.org/2000/svg"
        >
          <path
            d="M7 12.5C8.66 12.5 10 11.16 10 9.5V3.5C10 1.84 8.66 0.5 7 0.5C5.34 0.5 4 1.84 4 3.5V9.5C4 11.16 5.34 12.5 7 12.5Z"
          />
          <path
            d="M12 9.5C12 12.26 9.76 14.5 7 14.5C4.24 14.5 2 12.26 2 9.5H0C0 13.03 2.61 15.93 6 16.42V19.5H8V16.42C11.39 15.93 14 13.03 14 9.5H12Z"
          />
        </svg>
      </button>
      <button
        class="str-chat__audio_recorder__stop-button"
        data-testid="audio-recorder-stop-button"
      >
        <svg
          fill="currentColor"
          viewBox="0 0 18 14"
          xmlns="http://www.w3.org/2000/svg"
        >
          <path
            d="M5.79457 10.875L2.32457 7.40502C1.93457 7.01502 1.30457 7.01502 0.91457 7.40502C0.52457 7.79502 0.52457 8.42502 0.91457 8.81502L5.09457 12.995C5.48457 13.385 6.11457 13.385 6.50457 12.995L17.0846 2.41502C17.4746 2.02502 17.4746 1.39502 17.0846 1.00502C16.6946 0.615024 16.0646 0.615024 15.6746 1.00502L5.79457 10.875Z"
          />
        </svg>
      </button>
    </div>
  </div>
</div>
`;

exports[`AudioRecorder renders audio recording stopped UI when stopped without recording preview 1`] = `
<div>
  <div
    class="str-chat__audio_recorder-container"
  >
    <div
      class="str-chat__audio_recorder"
      data-testid="audio-recorder"
    >
      <button
        class="str-chat__audio_recorder__cancel-button"
        data-testid="cancel-recording-audio-button"
      >
        <svg
          fill="currentColor"
          viewBox="0 0 32 32"
          xmlns="http://www.w3.org/2000/svg"
        >
          <path
            d="M8.00033 25.3333C8.00033 26.8 9.20033 28 10.667 28H21.3337C22.8003 28 24.0003 26.8 24.0003 25.3333V12C24.0003 10.5333 22.8003 9.33333 21.3337 9.33333H10.667C9.20033 9.33333 8.00033 10.5333 8.00033 12V25.3333ZM24.0003 5.33333H20.667L19.7203 4.38667C19.4803 4.14667 19.1337 4 18.787 4H13.2137C12.867 4 12.5203 4.14667 12.2803 4.38667L11.3337 5.33333H8.00033C7.26699 5.33333 6.66699 5.93333 6.66699 6.66667C6.66699 7.4 7.26699 8 8.00033 8H24.0003C24.7337 8 25.3337 7.4 25.3337 6.66667C25.3337 5.93333 24.7337 5.33333 24.0003 5.33333Z"
          />
        </svg>
      </button>
      <button
        class="str-chat__audio_recorder__complete-button"
        data-testid="audio-recorder-complete-button"
      >
        <svg
          data-testid="send"
          fill="currentColor"
          height="24"
          viewBox="0 0 24 24"
          width="24"
          xmlns="http://www.w3.org/2000/svg"
        >
          <title>
            Send
          </title>
          <path
            d="M4.00952 22L24 12L4.00952 2L4 9.77778L18.2857 12L4 14.2222L4.00952 22Z"
          />
        </svg>
      </button>
    </div>
  </div>
</div>
`;

exports[`AudioRecorder renders audio recording stopped UI with recording preview 1`] = `
<div>
  <div
    class="str-chat__audio_recorder-container"
  >
    <div
      class="str-chat__audio_recorder"
      data-testid="audio-recorder"
    >
      <button
        class="str-chat__audio_recorder__cancel-button"
        data-testid="cancel-recording-audio-button"
      >
        <svg
          fill="currentColor"
          viewBox="0 0 32 32"
          xmlns="http://www.w3.org/2000/svg"
        >
          <path
            d="M8.00033 25.3333C8.00033 26.8 9.20033 28 10.667 28H21.3337C22.8003 28 24.0003 26.8 24.0003 25.3333V12C24.0003 10.5333 22.8003 9.33333 21.3337 9.33333H10.667C9.20033 9.33333 8.00033 10.5333 8.00033 12V25.3333ZM24.0003 5.33333H20.667L19.7203 4.38667C19.4803 4.14667 19.1337 4 18.787 4H13.2137C12.867 4 12.5203 4.14667 12.2803 4.38667L11.3337 5.33333H8.00033C7.26699 5.33333 6.66699 5.93333 6.66699 6.66667C6.66699 7.4 7.26699 8 8.00033 8H24.0003C24.7337 8 25.3337 7.4 25.3337 6.66667C25.3337 5.93333 24.7337 5.33333 24.0003 5.33333Z"
          />
        </svg>
      </button>
      <audio>
        <source
          src="https://us-east.stream-io-cdn.com/102398/attachments/874e23e5-0746-4af7-a16e-d522a657d9e3.audio_recording_Mon_Feb_05_16_21_34_PST_2024?Expires=1708388555&Signature=DS4G5nHBTV5CgOEOKEBfnqQ-ThAYWhavSejBYXXKxXPzyYeB5siKq5CHCfLj7K8RSU2ISYRjUNBpvVbVpCTohsS5hxbss0ccdZrDGli1w5mchMU7J5CVuW~EXJs0Kzchoa0D4xBwnelX6SSC5hLJ8zLa-hDVfGylvbwk9wbV2iZps0OC~NxrySPafi8tY~rVM0RKwyv9AJyFtXreASWmuVY3uI7GXdVY3YWHmxKGQ5HA7ctGJ1nbQYWC07B-mgWKavjvhpIgRP0st1hVKQO6AwPA9hKhaQUnDkwIeYs~8FtmRBUKUxGCGcagJjTVRkj3nyHoPI-3HMvINYjxvBRLGQ__&Key-Pair-Id=APKAIHG36VEWPDULE23Q"
          type="audio/aac"
        />
      </audio>
      <button
        class="str-chat__audio_recorder__toggle-playback-button"
        data-testid="audio-recording-preview-toggle-play-btn"
      >
        <svg
          data-testid="str-chat__play-icon"
          fill="currentColor"
          viewBox="0 0 14 18"
          xmlns="http://www.w3.org/2000/svg"
        >
          <path
            d="M0.236328 2.09338V15.9067C0.236328 16.9601 1.39633 17.6001 2.28966 17.0267L13.143 10.1201C13.9697 9.60005 13.9697 8.40005 13.143 7.86672L2.28966 0.973385C1.39633 0.400051 0.236328 1.04005 0.236328 2.09338Z"
          />
        </svg>
      </button>
      <div
        class="str-chat__recording-timer"
      >
        00:44
      </div>
      <div
        class="str-chat__wave-progress-bar__track-container"
      >
        <div
          class="str-chat__wave-progress-bar__track"
          data-testid="wave-progress-bar-track"
          role="progressbar"
        >
          <div
            class="str-chat__wave-progress-bar__amplitude-bar"
            data-testid="amplitude-bar"
            style="--str-chat__wave-progress-bar__amplitude-bar-height: 31.399506330490112%;"
          />
          <div
            class="str-chat__wave-progress-bar__amplitude-bar"
            data-testid="amplitude-bar"
            style="--str-chat__wave-progress-bar__amplitude-bar-height: 24.018539488315582%;"
          />
          <div
            class="str-chat__wave-progress-bar__amplitude-bar"
            data-testid="amplitude-bar"
            style="--str-chat__wave-progress-bar__amplitude-bar-height: 18.365363776683807%;"
          />
          <div
            class="str-chat__wave-progress-bar__amplitude-bar"
            data-testid="amplitude-bar"
            style="--str-chat__wave-progress-bar__amplitude-bar-height: 59.02017951011658%;"
          />
          <div
            class="str-chat__wave-progress-bar__amplitude-bar"
            data-testid="amplitude-bar"
            style="--str-chat__wave-progress-bar__amplitude-bar-height: 26.63217782974243%;"
          />
          <div
            class="str-chat__wave-progress-bar__amplitude-bar"
            data-testid="amplitude-bar"
            style="--str-chat__wave-progress-bar__amplitude-bar-height: 62.37155795097351%;"
          />
          <div
            class="str-chat__wave-progress-bar__amplitude-bar"
            data-testid="amplitude-bar"
            style="--str-chat__wave-progress-bar__amplitude-bar-height: 82.78987407684326%;"
          />
          <div
            class="str-chat__wave-progress-bar__amplitude-bar"
            data-testid="amplitude-bar"
            style="--str-chat__wave-progress-bar__amplitude-bar-height: 15.16059935092926%;"
          />
          <div
            class="str-chat__wave-progress-bar__amplitude-bar"
            data-testid="amplitude-bar"
            style="--str-chat__wave-progress-bar__amplitude-bar-height: 47.57987558841705%;"
          />
          <div
            class="str-chat__wave-progress-bar__amplitude-bar"
            data-testid="amplitude-bar"
            style="--str-chat__wave-progress-bar__amplitude-bar-height: 62.29274868965149%;"
          />
          <div
            class="str-chat__wave-progress-bar__amplitude-bar"
            data-testid="amplitude-bar"
            style="--str-chat__wave-progress-bar__amplitude-bar-height: 55.40405511856079%;"
          />
          <div
            class="str-chat__wave-progress-bar__amplitude-bar"
            data-testid="amplitude-bar"
            style="--str-chat__wave-progress-bar__amplitude-bar-height: 85.32787561416626%;"
          />
          <div
            class="str-chat__wave-progress-bar__amplitude-bar"
            data-testid="amplitude-bar"
            style="--str-chat__wave-progress-bar__amplitude-bar-height: 57.56412744522095%;"
          />
          <div
            class="str-chat__wave-progress-bar__amplitude-bar"
            data-testid="amplitude-bar"
            style="--str-chat__wave-progress-bar__amplitude-bar-height: 83.30334424972534%;"
          />
          <div
            class="str-chat__wave-progress-bar__amplitude-bar"
            data-testid="amplitude-bar"
            style="--str-chat__wave-progress-bar__amplitude-bar-height: 75.42996406555176%;"
          />
          <div
            class="str-chat__wave-progress-bar__amplitude-bar"
            data-testid="amplitude-bar"
            style="--str-chat__wave-progress-bar__amplitude-bar-height: 46.48399353027344%;"
          />
          <div
            class="str-chat__wave-progress-bar__amplitude-bar"
            data-testid="amplitude-bar"
            style="--str-chat__wave-progress-bar__amplitude-bar-height: 77.82987952232361%;"
          />
          <div
            class="str-chat__wave-progress-bar__amplitude-bar"
            data-testid="amplitude-bar"
            style="--str-chat__wave-progress-bar__amplitude-bar-height: 62.917882204055786%;"
          />
          <div
            class="str-chat__wave-progress-bar__amplitude-bar"
            data-testid="amplitude-bar"
            style="--str-chat__wave-progress-bar__amplitude-bar-height: 71.56173586845398%;"
          />
          <div
            class="str-chat__wave-progress-bar__amplitude-bar"
            data-testid="amplitude-bar"
            style="--str-chat__wave-progress-bar__amplitude-bar-height: 7.107513397932053%;"
          />
          <div
            class="str-chat__wave-progress-bar__amplitude-bar"
            data-testid="amplitude-bar"
            style="--str-chat__wave-progress-bar__amplitude-bar-height: 14.29901123046875%;"
          />
          <div
            class="str-chat__wave-progress-bar__amplitude-bar"
            data-testid="amplitude-bar"
            style="--str-chat__wave-progress-bar__amplitude-bar-height: 14.445610344409943%;"
          />
          <div
            class="str-chat__wave-progress-bar__amplitude-bar"
            data-testid="amplitude-bar"
            style="--str-chat__wave-progress-bar__amplitude-bar-height: 95.34039497375488%;"
          />
          <div
            class="str-chat__wave-progress-bar__amplitude-bar"
            data-testid="amplitude-bar"
            style="--str-chat__wave-progress-bar__amplitude-bar-height: 48.61070513725281%;"
          />
          <div
            class="str-chat__wave-progress-bar__amplitude-bar"
            data-testid="amplitude-bar"
            style="--str-chat__wave-progress-bar__amplitude-bar-height: 62.09651231765747%;"
          />
          <div
            class="str-chat__wave-progress-bar__amplitude-bar"
            data-testid="amplitude-bar"
            style="--str-chat__wave-progress-bar__amplitude-bar-height: 8.803673088550568%;"
          />
          <div
            class="str-chat__wave-progress-bar__amplitude-bar"
            data-testid="amplitude-bar"
            style="--str-chat__wave-progress-bar__amplitude-bar-height: 49.2523193359375%;"
          />
          <div
            class="str-chat__wave-progress-bar__amplitude-bar"
            data-testid="amplitude-bar"
            style="--str-chat__wave-progress-bar__amplitude-bar-height: 3.940269351005554%;"
          />
          <div
            class="str-chat__wave-progress-bar__amplitude-bar"
            data-testid="amplitude-bar"
            style="--str-chat__wave-progress-bar__amplitude-bar-height: 77.68490314483643%;"
          />
          <div
            class="str-chat__wave-progress-bar__amplitude-bar"
            data-testid="amplitude-bar"
            style="--str-chat__wave-progress-bar__amplitude-bar-height: 18.697471916675568%;"
          />
          <div
            class="str-chat__wave-progress-bar__amplitude-bar"
            data-testid="amplitude-bar"
            style="--str-chat__wave-progress-bar__amplitude-bar-height: 4.977691546082497%;"
          />
          <div
            class="str-chat__wave-progress-bar__amplitude-bar"
            data-testid="amplitude-bar"
            style="--str-chat__wave-progress-bar__amplitude-bar-height: 5.717025697231293%;"
          />
          <div
            class="str-chat__wave-progress-bar__amplitude-bar"
            data-testid="amplitude-bar"
            style="--str-chat__wave-progress-bar__amplitude-bar-height: 4.073379561305046%;"
          />
          <div
            class="str-chat__wave-progress-bar__amplitude-bar"
            data-testid="amplitude-bar"
            style="--str-chat__wave-progress-bar__amplitude-bar-height: 14.73514586687088%;"
          />
          <div
            class="str-chat__wave-progress-bar__amplitude-bar"
            data-testid="amplitude-bar"
            style="--str-chat__wave-progress-bar__amplitude-bar-height: 94.67474222183228%;"
          />
          <div
            class="str-chat__wave-progress-bar__amplitude-bar"
            data-testid="amplitude-bar"
            style="--str-chat__wave-progress-bar__amplitude-bar-height: 54.55475449562073%;"
          />
          <div
            class="str-chat__wave-progress-bar__amplitude-bar"
            data-testid="amplitude-bar"
            style="--str-chat__wave-progress-bar__amplitude-bar-height: 81.71653747558594%;"
          />
          <div
            class="str-chat__wave-progress-bar__amplitude-bar"
            data-testid="amplitude-bar"
            style="--str-chat__wave-progress-bar__amplitude-bar-height: 61.83612942695618%;"
          />
          <div
            class="str-chat__wave-progress-bar__amplitude-bar"
            data-testid="amplitude-bar"
            style="--str-chat__wave-progress-bar__amplitude-bar-height: 81.5593957901001%;"
          />
          <div
            class="str-chat__wave-progress-bar__amplitude-bar"
            data-testid="amplitude-bar"
            style="--str-chat__wave-progress-bar__amplitude-bar-height: 89.80446457862854%;"
          />
          <div
            class="str-chat__wave-progress-bar__progress-indicator"
            data-testid="wave-progress-bar-progress-indicator"
            style="left: 0%;"
          />
        </div>
      </div>
      <button
        class="str-chat__audio_recorder__complete-button"
        data-testid="audio-recorder-complete-button"
      >
        <svg
          data-testid="send"
          fill="currentColor"
          height="24"
          viewBox="0 0 24 24"
          width="24"
          xmlns="http://www.w3.org/2000/svg"
        >
          <title>
            Send
          </title>
          <path
            d="M4.00952 22L24 12L4.00952 2L4 9.77778L18.2857 12L4 14.2222L4.00952 22Z"
          />
        </svg>
      </button>
    </div>
  </div>
</div>
`;
