// Jest Snapshot v1, https://goo.gl/fbAQLP

exports[`SearchBar should render default layout 1`] = `
<div
  className="str-chat__channel-search-bar"
  data-testid="search-bar"
>
  <div
    className="str-chat__channel-search-input--wrapper"
  >
    <div
      className="str-chat__channel-search-input--icon"
    >
      <svg
        fill="none"
        height="18"
        viewBox="0 0 18 18"
        width="18"
        xmlns="http://www.w3.org/2000/svg"
      >
        <path
          d="M12.7549 11.255H11.9649L11.6849 10.985C12.6649 9.845 13.2549 8.365 13.2549 6.755C13.2549 3.165 10.3449 0.255005 6.75488 0.255005C3.16488 0.255005 0.254883 3.165 0.254883 6.755C0.254883 10.345 3.16488 13.255 6.75488 13.255C8.36488 13.255 9.84488 12.665 10.9849 11.685L11.2549 11.965V12.755L16.2549 17.745L17.7449 16.255L12.7549 11.255ZM6.75488 11.255C4.26488 11.255 2.25488 9.245 2.25488 6.755C2.25488 4.26501 4.26488 2.255 6.75488 2.255C9.24488 2.255 11.2549 4.26501 11.2549 6.755C11.2549 9.245 9.24488 11.255 6.75488 11.255Z"
          fill="#747881"
        />
      </svg>
    </div>
    <input
      className="str-chat__channel-search-input"
      data-testid="search-input"
      onChange={[Function]}
      placeholder="Search"
      type="text"
      value=""
    />
    <button
      className="str-chat__channel-search-input--clear-button"
      data-testid="clear-input-button"
      disabled={true}
      onClick={[Function]}
    >
      <svg
        fill="none"
        height="14"
        viewBox="0 0 14 14"
        width="14"
        xmlns="http://www.w3.org/2000/svg"
      >
        <path
          d="M14 1.41L12.59 0L7 5.59L1.41 0L0 1.41L5.59 7L0 12.59L1.41 14L7 8.41L12.59 14L14 12.59L8.41 7L14 1.41Z"
          fill="#747881"
        />
      </svg>
    </button>
  </div>
</div>
`;
